[satumomen.com/preview/biru-jawa.html]
[backblue.gif]
[fade.gif]
[index.html]
[satumomen.com/plugins/animate.css@4.1.1/animate.min.css]
[satumomen.com/themes/bootstrap.min.css]
[unpkg.com/@phosphor-icons/web@2.0.3/src/fill/style.css]
[satumomen.com/themes/themesv27268.css]
[satumomen.com/fonts/brittany_signature/BrittanySignature.css]
[satumomen.com/fonts/photograph_signature/fonts.css]
[satumomen.com/fonts/heatwood/Heatwood.css]
[assets.satumomen.com/assets/logo-bca-biru-1687975058.png]
[assets.satumomen.com/assets/bni-1704123714.jpg]
[assets.satumomen.com/images/invitation/cover-4155951731040301.png]
[satumomen.com/images/btn_app_store.png]
[satumomen.com/images/btn_play_store.png]
[satumomen.com/js/theme-app7268.js]
[satumomen.com/themes/themesv27268.js]
[satumomen.com/preview/biru-jawa.html]
[satumomen.com/plugins/animate.css@4.1.1/animate.min.css]
[satumomen.com/themes/bootstrap.min.css]
[satumomen.com/cdn-cgi/scripts/7d0fa10a/cloudflare-static/rocket-loader.min.js]
[unpkg.com/@phosphor-icons/web@2.0.3/src/fill/Phosphor-Fill.woff2]
[unpkg.com/@phosphor-icons/web@2.0.3/src/fill/Phosphor-Fill.woff]
[unpkg.com/@phosphor-icons/web@2.0.3/src/fill/Phosphor-Fill.ttf]
[unpkg.com/@phosphor-icons/web@2.0.3/src/fill/style.css]
[satumomen.com/themes/themesv27268.css]
[unpkg.com/@phosphor-icons/web@2.0.3/src/fill/Phosphor-Fill.svg]
[satumomen.com/fonts/brittany_signature/BrittanySignature.eot]
[satumomen.com/fonts/brittany_signature/BrittanySignatured41d.eot]
[satumomen.com/fonts/brittany_signature/BrittanySignature.woff2]
[satumomen.com/fonts/brittany_signature/BrittanySignature.woff]
[satumomen.com/fonts/brittany_signature/BrittanySignature.ttf]
[satumomen.com/fonts/brittany_signature/BrittanySignature.css]
[satumomen.com/fonts/brittany_signature/BrittanySignature.svg]
[satumomen.com/fonts/photograph_signature/PhotographSignature.ttf]
[satumomen.com/fonts/photograph_signature/fonts.css]
[satumomen.com/fonts/heatwood/fonts/Heatwood.eot]
[satumomen.com/fonts/heatwood/fonts/Heatwoodd41d.eot]
[satumomen.com/fonts/heatwood/fonts/Heatwood.woff2]
[satumomen.com/fonts/heatwood/fonts/Heatwood.woff]
[satumomen.com/fonts/heatwood/fonts/Heatwood.ttf]
[satumomen.com/fonts/heatwood/Heatwood.css]
[satumomen.com/fonts/heatwood/fonts/Heatwood.svg]
[unpkg.com/@phosphor-icons/web@2.0.3/src/fill/Phosphor-Fill.svg]
[satumomen.com/fonts/brittany_signature/BrittanySignature.svg]
[satumomen.com/fonts/heatwood/fonts/Heatwood.svg]
